// Jest Snapshot v1, https://goo.gl/fbAQLP

exports[`ReviewBlock correctly renders 1`] = `
<div
  className="movie-card__reviews-col"
>
  <div
    className="review"
  >
    <blockquote
      className="review__quote"
    >
      <p
        className="review__text"
      >
        Discerning travellers and Wes Anderson fans will luxuriate in the glorious Mittel-European kitsch of one of the director's funniest and most exquisitely designed movies in years.
      </p>
      <footer
        className="review__details"
      >
        <cite
          className="review__author"
        >
          Kate
        </cite>
        <time
          className="review__date"
          dateTime="2019-05-08"
        >
          May 8, 2019
        </time>
      </footer>
    </blockquote>
    <div
      className="review__rating"
    >
      8,9
    </div>
  </div>
  <div
    className="review"
  >
    <blockquote
      className="review__quote"
    >
      <p
        className="review__text"
      >
        Discerning travellers and Wes Anderson fans will luxuriate in the glorious Mittel-European kitsch of one of the director's funniest and most exquisitely designed movies in years.
      </p>
      <footer
        className="review__details"
      >
        <cite
          className="review__author"
        >
          Kate Muir
        </cite>
        <time
          className="review__date"
          dateTime="2019-05-08"
        >
          May 8, 2019
        </time>
      </footer>
    </blockquote>
    <div
      className="review__rating"
    >
      9,0
    </div>
  </div>
</div>
`;
