// Jest Snapshot v1, https://goo.gl/fbAQLP

exports[`ExtendedHeader correctly renders ExtendedHeader correctly renders for authorized user 1`] = `
<header
  className="page-header"
>
  <div
    className="logo"
  >
    <a
      className="logo__link "
      href="/"
      onClick={[Function]}
    >
      <span
        className="logo__letter logo__letter--1"
      >
        W
      </span>
      <span
        className="logo__letter logo__letter--2"
      >
        T
      </span>
      <span
        className="logo__letter logo__letter--3"
      >
        W
      </span>
    </a>
  </div>
  <nav
    className="breadcrumbs"
  >
    <ul
      className="breadcrumbs__list"
    >
      <li
        className="breadcrumbs__item"
      >
        <a
          className="breadcrumbs__link"
          href="/film/1"
          onClick={[Function]}
        >
          War of the Worlds
        </a>
      </li>
      <li
        className="breadcrumbs__item"
      >
        <a
          className="breadcrumbs__link"
          href="/film/1/review"
          onClick={[Function]}
        >
          Add review
        </a>
      </li>
    </ul>
  </nav>
  <div
    className="user-block"
  >
    <div
      className="user-block__avatar"
    >
      <a
        href="/mylist"
        onClick={[Function]}
      >
        <img
          alt="User avatar"
          height="63"
          src="https://es31-server.appspot.comimg/1.png"
          width="63"
        />
      </a>
    </div>
  </div>
</header>
`;
