// Jest Snapshot v1, https://goo.gl/fbAQLP

exports[`MyList correctly renders without any errors 1`] = `
<div
  className="user-page"
>
  <header
    className="page-header user-page__head"
  >
    <div
      className="logo"
    >
      <a
        className="logo__link "
        href="/"
        onClick={[Function]}
      >
        <span
          className="logo__letter logo__letter--1"
        >
          W
        </span>
        <span
          className="logo__letter logo__letter--2"
        >
          T
        </span>
        <span
          className="logo__letter logo__letter--3"
        >
          W
        </span>
      </a>
    </div>
    <h1
      className="page-title user-page__title"
    >
      My list
    </h1>
    <div
      className="user-block"
    >
      <div
        className="user-block__avatar"
      >
        <img
          alt="User avatar"
          height="63"
          src="https://es31-server.appspot.comimg/1.png"
          width="63"
        />
      </div>
    </div>
  </header>
  <section
    className="catalog"
  >
    <h2
      className="catalog__title visually-hidden"
    >
      Catalog
    </h2>
    <div
      className="catalog__movies-list"
    >
      <article
        className="small-movie-card catalog__movies-card"
      >
        <a
          href="/film/1"
          onClick={[Function]}
        >
          <div
            className="small-movie-card__image"
            onMouseOut={[Function]}
            onMouseOver={[Function]}
          >
            <img
              alt="War of the Worlds"
              height="175"
              src="https://es31-server.appspot.com/wtw/static/film/preview/war-of-the-worlds.jpg"
              width="280"
            />
          </div>
        </a>
        <h3
          className="small-movie-card__title"
        >
          <a
            className="small-movie-card__link"
            href="/film/1"
            onClick={[Function]}
          >
            War of the Worlds
          </a>
        </h3>
      </article>
      <article
        className="small-movie-card catalog__movies-card"
      >
        <a
          href="/film/2"
          onClick={[Function]}
        >
          <div
            className="small-movie-card__image"
            onMouseOut={[Function]}
            onMouseOver={[Function]}
          >
            <img
              alt="Macbeth"
              height="175"
              src="https://es31-server.appspot.com/wtw/static/film/preview/macbeth.jpg"
              width="280"
            />
          </div>
        </a>
        <h3
          className="small-movie-card__title"
        >
          <a
            className="small-movie-card__link"
            href="/film/2"
            onClick={[Function]}
          >
            Macbeth
          </a>
        </h3>
      </article>
      <article
        className="small-movie-card catalog__movies-card"
      >
        <a
          href="/film/3"
          onClick={[Function]}
        >
          <div
            className="small-movie-card__image"
            onMouseOut={[Function]}
            onMouseOver={[Function]}
          >
            <img
              alt="Moonrise Kingdom"
              height="175"
              src="https://es31-server.appspot.com/wtw/static/film/preview/moonrise-kingdom.jpg"
              width="280"
            />
          </div>
        </a>
        <h3
          className="small-movie-card__title"
        >
          <a
            className="small-movie-card__link"
            href="/film/3"
            onClick={[Function]}
          >
            Moonrise Kingdom
          </a>
        </h3>
      </article>
    </div>
    <footer
      className="page-footer"
    >
      <div
        className="logo"
      >
        <a
          className="logo__link logo__link--light"
          href="/"
          onClick={[Function]}
        >
          <span
            className="logo__letter logo__letter--1"
          >
            W
          </span>
          <span
            className="logo__letter logo__letter--2"
          >
            T
          </span>
          <span
            className="logo__letter logo__letter--3"
          >
            W
          </span>
        </a>
      </div>
      <div
        className="copyright"
      >
        <p>
          Â© 2019 What to watch Ltd.
        </p>
      </div>
    </footer>
  </section>
</div>
`;
