// Jest Snapshot v1, https://goo.gl/fbAQLP

exports[`ErrorPage correctly renders 1`] = `
<div
  className="user-page"
>
  <header
    className="page-header"
  >
    <div
      className="logo"
    >
      <a
        className="logo__link "
        href="/"
        onClick={[Function]}
      >
        <span
          className="logo__letter logo__letter--1"
        >
          W
        </span>
        <span
          className="logo__letter logo__letter--2"
        >
          T
        </span>
        <span
          className="logo__letter logo__letter--3"
        >
          W
        </span>
      </a>
    </div>
  </header>
  <div
    className="page-content"
  >
    <div
      className=""
    >
      Sorry, we have some server\`s problems. Try again later...
    </div>
  </div>
  <footer
    className="page-footer"
  >
    <div
      className="logo"
    >
      <a
        className="logo__link logo__link--light"
        href="/"
        onClick={[Function]}
      >
        <span
          className="logo__letter logo__letter--1"
        >
          W
        </span>
        <span
          className="logo__letter logo__letter--2"
        >
          T
        </span>
        <span
          className="logo__letter logo__letter--3"
        >
          W
        </span>
      </a>
    </div>
    <div
      className="copyright"
    >
      <p>
        Â© 2019 What to watch Ltd.
      </p>
    </div>
  </footer>
</div>
`;
