// Jest Snapshot v1, https://goo.gl/fbAQLP

exports[`AddReview AddReview correctly renders 1`] = `
<section
  className="movie-card movie-card--full"
>
  <div
    className="movie-card__header"
  >
    <div
      className="movie-card__bg"
    >
      <img
        alt="War of the Worlds"
        src="https://es31-server.appspot.com/wtw/static/film/background/War_of_the_Worlds.jpg"
      />
    </div>
    <h1
      className="visually-hidden"
    >
      WTW
    </h1>
    <Memo(ConnectFunction)
      movie={
        Object {
          "backgroundColor": "#9B7E61",
          "backgroundImage": "https://es31-server.appspot.com/wtw/static/film/background/War_of_the_Worlds.jpg",
          "description": "As Earth is invaded by alien tripod fighting machines, one family fights for survival.",
          "director": "Steven Spielberg",
          "genre": "Adventure",
          "id": 1,
          "isFavorite": false,
          "picture": "https://es31-server.appspot.com/wtw/static/film/preview/war-of-the-worlds.jpg",
          "posterImage": "https://es31-server.appspot.com/wtw/static/film/poster/War_of_the_Worlds.jpg",
          "rating": 6.5,
          "ratingLevel": "Good",
          "released": 2005,
          "runTime": 116,
          "scoresCount": 386834,
          "src": "https://download.blender.org/durian/trailer/sintel_trailer-480p.mp4",
          "starring": Array [
            "Tom Cruise",
            "Dakota Fanning",
            "Tim Robbins",
          ],
          "title": "War of the Worlds",
          "videoLink": "http://media.xiph.org/mango/tears_of_steel_1080p.webm",
        }
      }
    />
    <div
      className="movie-card__poster movie-card__poster--small"
    >
      <img
        alt="War of the Worlds poster"
        height="327"
        src="https://es31-server.appspot.com/wtw/static/film/poster/War_of_the_Worlds.jpg"
        width="218"
      />
    </div>
  </div>
  <div
    className="add-review"
    onSubmit={[Function]}
  >
    <form
      action="#"
      className="add-review__form"
    >
      <div
        className="rating"
      >
        <div
          className="rating__stars"
        >
          <React.Fragment>
            <input
              checked={false}
              className="rating__input"
              disabled={false}
              id="star-1"
              name="rating"
              onChange={[MockFunction]}
              type="radio"
              value="1"
            />
            <label
              className="rating__label"
              htmlFor="star-1"
            >
              Rating 1
            </label>
          </React.Fragment>
          <React.Fragment>
            <input
              checked={false}
              className="rating__input"
              disabled={false}
              id="star-2"
              name="rating"
              onChange={[MockFunction]}
              type="radio"
              value="2"
            />
            <label
              className="rating__label"
              htmlFor="star-2"
            >
              Rating 2
            </label>
          </React.Fragment>
          <React.Fragment>
            <input
              checked={false}
              className="rating__input"
              disabled={false}
              id="star-3"
              name="rating"
              onChange={[MockFunction]}
              type="radio"
              value="3"
            />
            <label
              className="rating__label"
              htmlFor="star-3"
            >
              Rating 3
            </label>
          </React.Fragment>
          <React.Fragment>
            <input
              checked={false}
              className="rating__input"
              disabled={false}
              id="star-4"
              name="rating"
              onChange={[MockFunction]}
              type="radio"
              value="4"
            />
            <label
              className="rating__label"
              htmlFor="star-4"
            >
              Rating 4
            </label>
          </React.Fragment>
          <React.Fragment>
            <input
              checked={false}
              className="rating__input"
              disabled={false}
              id="star-5"
              name="rating"
              onChange={[MockFunction]}
              type="radio"
              value="5"
            />
            <label
              className="rating__label"
              htmlFor="star-5"
            >
              Rating 5
            </label>
          </React.Fragment>
        </div>
      </div>
      <div
        className="add-review__text"
      >
        <textarea
          className="add-review__textarea"
          id="review-text"
          maxLength={400}
          name="review-text"
          onChange={[MockFunction]}
          placeholder="Review text"
          readOnly={false}
        />
        <div
          className="add-review__submit"
        >
          <button
            className="add-review__btn"
            disabled={true}
            type="submit"
          >
            Post
          </button>
        </div>
      </div>
    </form>
  </div>
</section>
`;
