// Jest Snapshot v1, https://goo.gl/fbAQLP

exports[`Main correctly renders after relaunch 1`] = `
Array [
  <section
    className="movie-card"
  >
    <div
      className="movie-card__bg"
    >
      <img
        alt="War of the Worlds"
        src="https://es31-server.appspot.com/wtw/static/film/background/War_of_the_Worlds.jpg"
      />
    </div>
    <h1
      className="visually-hidden"
    >
      WTW
    </h1>
    <header
      className="page-header movie-card__head"
    >
      <div
        className="logo"
      >
        <a
          className="logo__link "
          href="/"
          onClick={[Function]}
        >
          <span
            className="logo__letter logo__letter--1"
          >
            W
          </span>
          <span
            className="logo__letter logo__letter--2"
          >
            T
          </span>
          <span
            className="logo__letter logo__letter--3"
          >
            W
          </span>
        </a>
      </div>
      <div
        className="user-block"
      >
        <a
          className="user-block__link"
          href="/login"
          onClick={[Function]}
        >
          Sign in
        </a>
      </div>
    </header>
    <div
      className="movie-card__wrap"
    >
      <div
        className="movie-card__info"
      >
        <div
          className="movie-card__poster"
        >
          <img
            alt="War of the Worlds poster"
            height="327"
            src="https://es31-server.appspot.com/wtw/static/film/poster/War_of_the_Worlds.jpg"
            width="218"
          />
        </div>
        <div
          className="movie-card__desc"
        >
          <h2
            className="movie-card__title"
          >
            War of the Worlds
          </h2>
          <p
            className="movie-card__meta"
          >
            <span
              className="movie-card__genre"
            >
              Adventure
            </span>
            <span
              className="movie-card__year"
            >
              2005
            </span>
          </p>
          <div
            className="movie-card__buttons"
          >
            <button
              className="btn btn--play movie-card__button"
              type="button"
            >
              <svg
                height="19"
                viewBox="0 0 19 19"
                width="19"
              >
                <use
                  xlinkHref="#play-s"
                />
              </svg>
              <span>
                Play
              </span>
            </button>
            <button
              className="btn btn--list movie-card__button"
              onClick={[Function]}
              type="button"
            >
              <svg
                height="20"
                viewBox="0 0 19 20"
                width="19"
              >
                <use
                  xlinkHref="#add"
                />
              </svg>
              <span>
                My list
              </span>
            </button>
          </div>
        </div>
      </div>
    </div>
  </section>,
  <div
    className="page-content"
  >
    <section
      className="catalog"
    >
      <h2
        className="catalog__title visually-hidden"
      >
        Catalog
      </h2>
      <ul
        className="catalog__genres-list"
      >
        <li
          className="catalog__genres-item catalog__genres-item--active"
        >
          <a
            className="catalog__genres-link"
            href="#"
            onClick={[Function]}
          >
            All genres
          </a>
        </li>
        <li
          className="catalog__genres-item"
        >
          <a
            className="catalog__genres-link"
            href="#"
            onClick={[Function]}
          >
            Comedy
          </a>
        </li>
        <li
          className="catalog__genres-item"
        >
          <a
            className="catalog__genres-link"
            href="#"
            onClick={[Function]}
          >
            Crime
          </a>
        </li>
        <li
          className="catalog__genres-item"
        >
          <a
            className="catalog__genres-link"
            href="#"
            onClick={[Function]}
          >
            Documentary
          </a>
        </li>
        <li
          className="catalog__genres-item"
        >
          <a
            className="catalog__genres-link"
            href="#"
            onClick={[Function]}
          >
            Drama
          </a>
        </li>
        <li
          className="catalog__genres-item"
        >
          <a
            className="catalog__genres-link"
            href="#"
            onClick={[Function]}
          >
            Horror
          </a>
        </li>
        <li
          className="catalog__genres-item"
        >
          <a
            className="catalog__genres-link"
            href="#"
            onClick={[Function]}
          >
            Kids & Family
          </a>
        </li>
        <li
          className="catalog__genres-item"
        >
          <a
            className="catalog__genres-link"
            href="#"
            onClick={[Function]}
          >
            Romance
          </a>
        </li>
        <li
          className="catalog__genres-item"
        >
          <a
            className="catalog__genres-link"
            href="#"
            onClick={[Function]}
          >
            Sci-Fi
          </a>
        </li>
        <li
          className="catalog__genres-item"
        >
          <a
            className="catalog__genres-link"
            href="#"
            onClick={[Function]}
          >
            Thriller
          </a>
        </li>
      </ul>
      <div
        className="catalog__movies-list"
      >
        <article
          className="small-movie-card catalog__movies-card"
        >
          <a
            href="/film/1"
            onClick={[Function]}
          >
            <div
              className="small-movie-card__image"
              onMouseOut={[Function]}
              onMouseOver={[Function]}
            >
              <img
                alt="War of the Worlds"
                height="175"
                src="https://es31-server.appspot.com/wtw/static/film/preview/war-of-the-worlds.jpg"
                width="280"
              />
            </div>
          </a>
          <h3
            className="small-movie-card__title"
          >
            <a
              className="small-movie-card__link"
              href="/film/1"
              onClick={[Function]}
            >
              War of the Worlds
            </a>
          </h3>
        </article>
        <article
          className="small-movie-card catalog__movies-card"
        >
          <a
            href="/film/2"
            onClick={[Function]}
          >
            <div
              className="small-movie-card__image"
              onMouseOut={[Function]}
              onMouseOver={[Function]}
            >
              <img
                alt="Macbeth"
                height="175"
                src="https://es31-server.appspot.com/wtw/static/film/preview/macbeth.jpg"
                width="280"
              />
            </div>
          </a>
          <h3
            className="small-movie-card__title"
          >
            <a
              className="small-movie-card__link"
              href="/film/2"
              onClick={[Function]}
            >
              Macbeth
            </a>
          </h3>
        </article>
        <article
          className="small-movie-card catalog__movies-card"
        >
          <a
            href="/film/3"
            onClick={[Function]}
          >
            <div
              className="small-movie-card__image"
              onMouseOut={[Function]}
              onMouseOver={[Function]}
            >
              <img
                alt="Moonrise Kingdom"
                height="175"
                src="https://es31-server.appspot.com/wtw/static/film/preview/moonrise-kingdom.jpg"
                width="280"
              />
            </div>
          </a>
          <h3
            className="small-movie-card__title"
          >
            <a
              className="small-movie-card__link"
              href="/film/3"
              onClick={[Function]}
            >
              Moonrise Kingdom
            </a>
          </h3>
        </article>
      </div>
    </section>
    <footer
      className="page-footer"
    >
      <div
        className="logo"
      >
        <a
          className="logo__link logo__link--light"
          href="/"
          onClick={[Function]}
        >
          <span
            className="logo__letter logo__letter--1"
          >
            W
          </span>
          <span
            className="logo__letter logo__letter--2"
          >
            T
          </span>
          <span
            className="logo__letter logo__letter--3"
          >
            W
          </span>
        </a>
      </div>
      <div
        className="copyright"
      >
        <p>
          Â© 2019 What to watch Ltd.
        </p>
      </div>
    </footer>
  </div>,
]
`;
