// Jest Snapshot v1, https://goo.gl/fbAQLP

exports[`MovieCardButtons correctly renders MovieCardButtons correctly renders for authorized user 1`] = `
<div
  className="movie-card__buttons"
>
  <button
    className="btn btn--play movie-card__button"
    type="button"
  >
    <svg
      height="19"
      viewBox="0 0 19 19"
      width="19"
    >
      <use
        xlinkHref="#play-s"
      />
    </svg>
    <span>
      Play
    </span>
  </button>
  <Memo(ConnectFunction)
    id={1}
    isFavorite={false}
    isPromo={true}
  />
</div>
`;
