// Jest Snapshot v1, https://goo.gl/fbAQLP

exports[`VideoPlayer correctly renders 1`] = `
<video
  className="player__video"
  muted={true}
  src="https://download.blender.org/durian/trailer/sintel_trailer-480p.mp4"
/>
`;
