// Jest Snapshot v1, https://goo.gl/fbAQLP

exports[`ShowMoreButton correctly renders 1`] = `null`;
