// Jest Snapshot v1, https://goo.gl/fbAQLP

exports[`MyListHeader correctly renders MyListHeader correctly renders for authorized user 1`] = `
<header
  className="page-header user-page__head"
>
  <div
    className="logo"
  >
    <a
      className="logo__link "
      href="/"
      onClick={[Function]}
    >
      <span
        className="logo__letter logo__letter--1"
      >
        W
      </span>
      <span
        className="logo__letter logo__letter--2"
      >
        T
      </span>
      <span
        className="logo__letter logo__letter--3"
      >
        W
      </span>
    </a>
  </div>
  <h1
    className="page-title user-page__title"
  >
    My list
  </h1>
  <div
    className="user-block"
  >
    <div
      className="user-block__avatar"
    >
      <img
        alt="User avatar"
        height="63"
        src="https://es31-server.appspot.comimg/1.png"
        width="63"
      />
    </div>
  </div>
</header>
`;
