// Jest Snapshot v1, https://goo.gl/fbAQLP

exports[`MovieTabs correctly renders 1`] = `
<div
  className="movie-card__desc"
>
  <nav
    className="movie-nav movie-card__nav"
  >
    <ul
      className="movie-nav__list"
    >
      <li
        className="movie-nav__item movie-nav__item--active"
      >
        <a
          className="movie-nav__link"
          href="#"
          onClick={[Function]}
        >
          Overview
        </a>
      </li>
      <li
        className="movie-nav__item"
      >
        <a
          className="movie-nav__link"
          href="#"
          onClick={[Function]}
        >
          Details
        </a>
      </li>
      <li
        className="movie-nav__item"
      >
        <a
          className="movie-nav__link"
          href="#"
          onClick={[Function]}
        >
          Reviews
        </a>
      </li>
    </ul>
  </nav>
  <div
    className="movie-rating"
  >
    <div
      className="movie-rating__score"
    >
      6,5
    </div>
    <p
      className="movie-rating__meta"
    >
      <span
        className="movie-rating__level"
      >
        Good
      </span>
      <span
        className="movie-rating__count"
      >
        386834
         ratings
      </span>
    </p>
  </div>
  <div
    className="movie-card__text"
  >
    As Earth is invaded by alien tripod fighting machines, one family fights for survival.
    <p
      className="movie-card__director"
    >
      <strong>
        Director: 
        Steven Spielberg
      </strong>
    </p>
    <p
      className="movie-card__starring"
    >
      <strong>
        Starring: 
        Tom Cruise, Dakota Fanning, Tim Robbins
      </strong>
    </p>
  </div>
</div>
`;
